---
source: pmu/src/driver/perf/mmap.rs
expression: decoded
---
[
    Sample {
        ip: 139677355401097,
        pid: 14844,
        tid: 14844,
        cpu: 38,
        time: 3667807725442,
        time_enabled: 44320,
        time_running: 44320,
        values: [
            EventValue {
                value: 11308,
                id: 58,
            },
        ],
        callstack: [
            139677355401097,
            139677355382362,
            139677355388990,
            139677355404668,
            139677355361571,
            139677355402400,
            139677355361571,
            139677355403524,
            139677349158132,
            139677355361571,
            139677355361913,
            139677349156835,
            139677349158319,
            4199269,
            139677348725515,
            4198789,
        ],
    },
    Address {
        pid: 14844,
        start: 139677355302912,
        len: 20480,
        offset: 0,
        filename: "/home/alex/libhello.so",
    },
    Address {
        pid: 14844,
        start: 139677355307008,
        len: 4096,
        offset: 4096,
        filename: "/home/alex/libhello.so",
    },
    Address {
        pid: 14844,
        start: 139677355311104,
        len: 12288,
        offset: 8192,
        filename: "/home/alex/libhello.so",
    },
    Address {
        pid: 14844,
        start: 139677355315200,
        len: 8192,
        offset: 8192,
        filename: "/home/alex/libhello.so",
    },
    Sample {
        ip: 139677355388617,
        pid: 14844,
        tid: 14844,
        cpu: 38,
        time: 3667807825702,
        time_enabled: 140340,
        time_running: 140340,
        values: [
            EventValue {
                value: 20987,
                id: 58,
            },
        ],
        callstack: [
            139677355388617,
            139677355366589,
            139677355361571,
            139677355367720,
            139677355404773,
            139677355361571,
            139677355402400,
            139677355361571,
            139677355403524,
            139677349158132,
            139677355361571,
            139677355361913,
            139677349156835,
            139677349158319,
            4199269,
            139677348725515,
            4198789,
        ],
    },
    Sample {
        ip: 139677355392595,
        pid: 14844,
        tid: 14844,
        cpu: 38,
        time: 3667807839332,
        time_enabled: 153120,
        time_running: 153120,
        values: [
            EventValue {
                value: 30982,
                id: 58,
            },
        ],
        callstack: [
            139677355392595,
            139677355395758,
            139677355413238,
            139677355405318,
            139677355361571,
            139677355402400,
            139677355361571,
            139677355403524,
            139677349158132,
            139677355361571,
            139677355361913,
            139677349156835,
            139677349158319,
            4199269,
            139677348725515,
            4198789,
        ],
    },
    Address {
        pid: 14844,
        start: 139677355315200,
        len: 4096,
        offset: 8192,
        filename: "/home/alex/libhello.so",
    },
    Sample {
        ip: 139677349157054,
        pid: 14844,
        tid: 14844,
        cpu: 38,
        time: 3667807868672,
        time_enabled: 180390,
        time_running: 180390,
        values: [
            EventValue {
                value: 40966,
                id: 58,
            },
        ],
        callstack: [
            139677349157054,
            139677349158319,
            4199269,
            139677348725515,
            4198789,
        ],
    },
    Sample {
        ip: 18446744072168465747,
        pid: 14844,
        tid: 14844,
        cpu: 38,
        time: 3667807884532,
        time_enabled: 204870,
        time_running: 204870,
        values: [
            EventValue {
                value: 50028,
                id: 58,
            },
        ],
        callstack: [
            18446744072168465747,
            18446744072170246822,
            18446744073709551104,
            139677349085456,
            139677349139912,
            139677349142760,
            139677348934729,
            139677348934924,
            139677348982171,
            139677348932595,
            139677355307297,
            4199289,
            139677348725515,
            4198789,
        ],
    },
    Sample {
        ip: 4199300,
        pid: 14844,
        tid: 14844,
        cpu: 38,
        time: 3667807911562,
        time_enabled: 222810,
        time_running: 222810,
        values: [
            EventValue {
                value: 60960,
                id: 58,
            },
        ],
        callstack: [
            4199300,
            139677348725515,
            4198789,
        ],
    },
    Sample {
        ip: 4199300,
        pid: 14844,
        tid: 14844,
        cpu: 38,
        time: 3667807921262,
        time_enabled: 232380,
        time_running: 232380,
        values: [
            EventValue {
                value: 70955,
                id: 58,
            },
        ],
        callstack: [
            4199300,
            139677348725515,
            4198789,
        ],
    },
    Sample {
        ip: 4199300,
        pid: 14844,
        tid: 14844,
        cpu: 38,
        time: 3667807930782,
        time_enabled: 241890,
        time_running: 241890,
        values: [
            EventValue {
                value: 80960,
                id: 58,
            },
        ],
        callstack: [
            4199300,
            139677348725515,
            4198789,
        ],
    },
    Sample {
        ip: 4199300,
        pid: 14844,
        tid: 14844,
        cpu: 38,
        time: 3667807940272,
        time_enabled: 251380,
        time_running: 251380,
        values: [
            EventValue {
                value: 90956,
                id: 58,
            },
        ],
        callstack: [
            4199300,
            139677348725515,
            4198789,
        ],
    },
    Sample {
        ip: 4199300,
        pid: 14844,
        tid: 14844,
        cpu: 38,
        time: 3667807952622,
        time_enabled: 263760,
        time_running: 263760,
        values: [
            EventValue {
                value: 100952,
                id: 58,
            },
        ],
        callstack: [
            4199300,
            139677348725515,
            4198789,
        ],
    },
    Sample {
        ip: 4199300,
        pid: 14844,
        tid: 14844,
        cpu: 38,
        time: 3667807962182,
        time_enabled: 273290,
        time_running: 273290,
        values: [
            EventValue {
                value: 110957,
                id: 58,
            },
        ],
        callstack: [
            4199300,
            139677348725515,
            4198789,
        ],
    },
    Sample {
        ip: 4199300,
        pid: 14844,
        tid: 14844,
        cpu: 38,
        time: 3667807971692,
        time_enabled: 282800,
        time_running: 282800,
        values: [
            EventValue {
                value: 120953,
                id: 58,
            },
        ],
        callstack: [
            4199300,
            139677348725515,
            4198789,
        ],
    },
    Sample {
        ip: 4199300,
        pid: 14844,
        tid: 14844,
        cpu: 38,
        time: 3667807981212,
        time_enabled: 292320,
        time_running: 292320,
        values: [
            EventValue {
                value: 130958,
                id: 58,
            },
        ],
        callstack: [
            4199300,
            139677348725515,
            4198789,
        ],
    },
]
